[2025-06-09 15:15:51] local.ERROR: could not find driver (Connection: pgsql, SQL: select * from information_schema.tables where table_catalog = hotel_db and table_schema = public and table_name = migrations and table_type = 'BASE TABLE') {"exception":"[object] (Illuminate\\Database\\QueryException(code: 0): could not find driver (Connection: pgsql, SQL: select * from information_schema.tables where table_catalog = hotel_db and table_schema = public and table_name = migrations and table_type = 'BASE TABLE') at C:\\Users\\HP\\Downloads\\booking-service2\\booking-service\\vendor\\illuminate\\database\\Connection.php:829)
[stacktrace]
#0 C:\\Users\\HP\\Downloads\\booking-service2\\booking-service\\vendor\\illuminate\\database\\Connection.php(783): Illuminate\\Database\\Connection->runQueryCallback('select * from i...', Array, Object(Closure))
#1 C:\\Users\\HP\\Downloads\\booking-service2\\booking-service\\vendor\\illuminate\\database\\Connection.php(414): Illuminate\\Database\\Connection->run('select * from i...', Array, Object(Closure))
#2 C:\\Users\\HP\\Downloads\\booking-service2\\booking-service\\vendor\\illuminate\\database\\Connection.php(401): Illuminate\\Database\\Connection->select('select * from i...', Array, false)
#3 C:\\Users\\HP\\Downloads\\booking-service2\\booking-service\\vendor\\illuminate\\database\\Schema\\PostgresBuilder.php(51): Illuminate\\Database\\Connection->selectFromWriteConnection('select * from i...', Array)
#4 C:\\Users\\HP\\Downloads\\booking-service2\\booking-service\\vendor\\illuminate\\database\\Migrations\\DatabaseMigrationRepository.php(184): Illuminate\\Database\\Schema\\PostgresBuilder->hasTable('migrations')
#5 C:\\Users\\HP\\Downloads\\booking-service2\\booking-service\\vendor\\illuminate\\database\\Migrations\\Migrator.php(700): Illuminate\\Database\\Migrations\\DatabaseMigrationRepository->repositoryExists()
#6 C:\\Users\\HP\\Downloads\\booking-service2\\booking-service\\vendor\\illuminate\\database\\Console\\Migrations\\MigrateCommand.php(140): Illuminate\\Database\\Migrations\\Migrator->repositoryExists()
#7 C:\\Users\\HP\\Downloads\\booking-service2\\booking-service\\vendor\\illuminate\\support\\helpers.php(261): Illuminate\\Database\\Console\\Migrations\\MigrateCommand->Illuminate\\Database\\Console\\Migrations\\{closure}(1)
#8 C:\\Users\\HP\\Downloads\\booking-service2\\booking-service\\vendor\\illuminate\\database\\Console\\Migrations\\MigrateCommand.php(140): retry(1, Object(Closure), 0, Object(Closure))
#9 C:\\Users\\HP\\Downloads\\booking-service2\\booking-service\\vendor\\illuminate\\database\\Console\\Migrations\\MigrateCommand.php(116): Illuminate\\Database\\Console\\Migrations\\MigrateCommand->repositoryExists()
#10 C:\\Users\\HP\\Downloads\\booking-service2\\booking-service\\vendor\\illuminate\\database\\Console\\Migrations\\MigrateCommand.php(84): Illuminate\\Database\\Console\\Migrations\\MigrateCommand->prepareDatabase()
#11 C:\\Users\\HP\\Downloads\\booking-service2\\booking-service\\vendor\\illuminate\\database\\Migrations\\Migrator.php(633): Illuminate\\Database\\Console\\Migrations\\MigrateCommand->Illuminate\\Database\\Console\\Migrations\\{closure}()
#12 C:\\Users\\HP\\Downloads\\booking-service2\\booking-service\\vendor\\illuminate\\database\\Console\\Migrations\\MigrateCommand.php(83): Illuminate\\Database\\Migrations\\Migrator->usingConnection(NULL, Object(Closure))
#13 C:\\Users\\HP\\Downloads\\booking-service2\\booking-service\\vendor\\illuminate\\container\\BoundMethod.php(36): Illuminate\\Database\\Console\\Migrations\\MigrateCommand->handle()
#14 C:\\Users\\HP\\Downloads\\booking-service2\\booking-service\\vendor\\illuminate\\container\\Util.php(41): Illuminate\\Container\\BoundMethod::Illuminate\\Container\\{closure}()
#15 C:\\Users\\HP\\Downloads\\booking-service2\\booking-service\\vendor\\illuminate\\container\\BoundMethod.php(93): Illuminate\\Container\\Util::unwrapIfClosure(Object(Closure))
#16 C:\\Users\\HP\\Downloads\\booking-service2\\booking-service\\vendor\\illuminate\\container\\BoundMethod.php(35): Illuminate\\Container\\BoundMethod::callBoundMethod(Object(Laravel\\Lumen\\Application), Array, Object(Closure))
#17 C:\\Users\\HP\\Downloads\\booking-service2\\booking-service\\vendor\\illuminate\\container\\Container.php(662): Illuminate\\Container\\BoundMethod::call(Object(Laravel\\Lumen\\Application), Array, Array, NULL)
#18 C:\\Users\\HP\\Downloads\\booking-service2\\booking-service\\vendor\\illuminate\\console\\Command.php(211): Illuminate\\Container\\Container->call(Array)
#19 C:\\Users\\HP\\Downloads\\booking-service2\\booking-service\\vendor\\symfony\\console\\Command\\Command.php(326): Illuminate\\Console\\Command->execute(Object(Symfony\\Component\\Console\\Input\\ArgvInput), Object(Illuminate\\Console\\OutputStyle))
#20 C:\\Users\\HP\\Downloads\\booking-service2\\booking-service\\vendor\\illuminate\\console\\Command.php(180): Symfony\\Component\\Console\\Command\\Command->run(Object(Symfony\\Component\\Console\\Input\\ArgvInput), Object(Illuminate\\Console\\OutputStyle))
#21 C:\\Users\\HP\\Downloads\\booking-service2\\booking-service\\vendor\\symfony\\console\\Application.php(1078): Illuminate\\Console\\Command->run(Object(Symfony\\Component\\Console\\Input\\ArgvInput), Object(Symfony\\Component\\Console\\Output\\ConsoleOutput))
#22 C:\\Users\\HP\\Downloads\\booking-service2\\booking-service\\vendor\\symfony\\console\\Application.php(324): Symfony\\Component\\Console\\Application->doRunCommand(Object(Illuminate\\Database\\Console\\Migrations\\MigrateCommand), Object(Symfony\\Component\\Console\\Input\\ArgvInput), Object(Symfony\\Component\\Console\\Output\\ConsoleOutput))
#23 C:\\Users\\HP\\Downloads\\booking-service2\\booking-service\\vendor\\symfony\\console\\Application.php(175): Symfony\\Component\\Console\\Application->doRun(Object(Symfony\\Component\\Console\\Input\\ArgvInput), Object(Symfony\\Component\\Console\\Output\\ConsoleOutput))
#24 C:\\Users\\HP\\Downloads\\booking-service2\\booking-service\\vendor\\laravel\\lumen-framework\\src\\Console\\Kernel.php(160): Symfony\\Component\\Console\\Application->run(Object(Symfony\\Component\\Console\\Input\\ArgvInput), Object(Symfony\\Component\\Console\\Output\\ConsoleOutput))
#25 C:\\Users\\HP\\Downloads\\booking-service2\\booking-service\\artisan(35): Laravel\\Lumen\\Console\\Kernel->handle(Object(Symfony\\Component\\Console\\Input\\ArgvInput), Object(Symfony\\Component\\Console\\Output\\ConsoleOutput))
#26 {main}

[previous exception] [object] (PDOException(code: 0): could not find driver at C:\\Users\\HP\\Downloads\\booking-service2\\booking-service\\vendor\\illuminate\\database\\Connectors\\Connector.php:65)
[stacktrace]
#0 C:\\Users\\HP\\Downloads\\booking-service2\\booking-service\\vendor\\illuminate\\database\\Connectors\\Connector.php(65): PDO->__construct('pgsql:host=db;d...', 'hotel_user', Object(SensitiveParameterValue), Array)
#1 C:\\Users\\HP\\Downloads\\booking-service2\\booking-service\\vendor\\illuminate\\database\\Connectors\\Connector.php(44): Illuminate\\Database\\Connectors\\Connector->createPdoConnection('pgsql:host=db;d...', 'hotel_user', 'secret', Array)
#2 C:\\Users\\HP\\Downloads\\booking-service2\\booking-service\\vendor\\illuminate\\database\\Connectors\\PostgresConnector.php(35): Illuminate\\Database\\Connectors\\Connector->createConnection('pgsql:host=db;d...', Array, Array)
#3 C:\\Users\\HP\\Downloads\\booking-service2\\booking-service\\vendor\\illuminate\\database\\Connectors\\ConnectionFactory.php(184): Illuminate\\Database\\Connectors\\PostgresConnector->connect(Array)
#4 [internal function]: Illuminate\\Database\\Connectors\\ConnectionFactory->Illuminate\\Database\\Connectors\\{closure}()
#5 C:\\Users\\HP\\Downloads\\booking-service2\\booking-service\\vendor\\illuminate\\database\\Connection.php(1339): call_user_func(Object(Closure))
#6 C:\\Users\\HP\\Downloads\\booking-service2\\booking-service\\vendor\\illuminate\\database\\Connection.php(528): Illuminate\\Database\\Connection->getPdo()
#7 C:\\Users\\HP\\Downloads\\booking-service2\\booking-service\\vendor\\illuminate\\database\\Connection.php(423): Illuminate\\Database\\Connection->getPdoForSelect(false)
#8 C:\\Users\\HP\\Downloads\\booking-service2\\booking-service\\vendor\\illuminate\\database\\Connection.php(816): Illuminate\\Database\\Connection->Illuminate\\Database\\{closure}('select * from i...', Array)
#9 C:\\Users\\HP\\Downloads\\booking-service2\\booking-service\\vendor\\illuminate\\database\\Connection.php(783): Illuminate\\Database\\Connection->runQueryCallback('select * from i...', Array, Object(Closure))
#10 C:\\Users\\HP\\Downloads\\booking-service2\\booking-service\\vendor\\illuminate\\database\\Connection.php(414): Illuminate\\Database\\Connection->run('select * from i...', Array, Object(Closure))
#11 C:\\Users\\HP\\Downloads\\booking-service2\\booking-service\\vendor\\illuminate\\database\\Connection.php(401): Illuminate\\Database\\Connection->select('select * from i...', Array, false)
#12 C:\\Users\\HP\\Downloads\\booking-service2\\booking-service\\vendor\\illuminate\\database\\Schema\\PostgresBuilder.php(51): Illuminate\\Database\\Connection->selectFromWriteConnection('select * from i...', Array)
#13 C:\\Users\\HP\\Downloads\\booking-service2\\booking-service\\vendor\\illuminate\\database\\Migrations\\DatabaseMigrationRepository.php(184): Illuminate\\Database\\Schema\\PostgresBuilder->hasTable('migrations')
#14 C:\\Users\\HP\\Downloads\\booking-service2\\booking-service\\vendor\\illuminate\\database\\Migrations\\Migrator.php(700): Illuminate\\Database\\Migrations\\DatabaseMigrationRepository->repositoryExists()
#15 C:\\Users\\HP\\Downloads\\booking-service2\\booking-service\\vendor\\illuminate\\database\\Console\\Migrations\\MigrateCommand.php(140): Illuminate\\Database\\Migrations\\Migrator->repositoryExists()
#16 C:\\Users\\HP\\Downloads\\booking-service2\\booking-service\\vendor\\illuminate\\support\\helpers.php(261): Illuminate\\Database\\Console\\Migrations\\MigrateCommand->Illuminate\\Database\\Console\\Migrations\\{closure}(1)
#17 C:\\Users\\HP\\Downloads\\booking-service2\\booking-service\\vendor\\illuminate\\database\\Console\\Migrations\\MigrateCommand.php(140): retry(1, Object(Closure), 0, Object(Closure))
#18 C:\\Users\\HP\\Downloads\\booking-service2\\booking-service\\vendor\\illuminate\\database\\Console\\Migrations\\MigrateCommand.php(116): Illuminate\\Database\\Console\\Migrations\\MigrateCommand->repositoryExists()
#19 C:\\Users\\HP\\Downloads\\booking-service2\\booking-service\\vendor\\illuminate\\database\\Console\\Migrations\\MigrateCommand.php(84): Illuminate\\Database\\Console\\Migrations\\MigrateCommand->prepareDatabase()
#20 C:\\Users\\HP\\Downloads\\booking-service2\\booking-service\\vendor\\illuminate\\database\\Migrations\\Migrator.php(633): Illuminate\\Database\\Console\\Migrations\\MigrateCommand->Illuminate\\Database\\Console\\Migrations\\{closure}()
#21 C:\\Users\\HP\\Downloads\\booking-service2\\booking-service\\vendor\\illuminate\\database\\Console\\Migrations\\MigrateCommand.php(83): Illuminate\\Database\\Migrations\\Migrator->usingConnection(NULL, Object(Closure))
#22 C:\\Users\\HP\\Downloads\\booking-service2\\booking-service\\vendor\\illuminate\\container\\BoundMethod.php(36): Illuminate\\Database\\Console\\Migrations\\MigrateCommand->handle()
#23 C:\\Users\\HP\\Downloads\\booking-service2\\booking-service\\vendor\\illuminate\\container\\Util.php(41): Illuminate\\Container\\BoundMethod::Illuminate\\Container\\{closure}()
#24 C:\\Users\\HP\\Downloads\\booking-service2\\booking-service\\vendor\\illuminate\\container\\BoundMethod.php(93): Illuminate\\Container\\Util::unwrapIfClosure(Object(Closure))
#25 C:\\Users\\HP\\Downloads\\booking-service2\\booking-service\\vendor\\illuminate\\container\\BoundMethod.php(35): Illuminate\\Container\\BoundMethod::callBoundMethod(Object(Laravel\\Lumen\\Application), Array, Object(Closure))
#26 C:\\Users\\HP\\Downloads\\booking-service2\\booking-service\\vendor\\illuminate\\container\\Container.php(662): Illuminate\\Container\\BoundMethod::call(Object(Laravel\\Lumen\\Application), Array, Array, NULL)
#27 C:\\Users\\HP\\Downloads\\booking-service2\\booking-service\\vendor\\illuminate\\console\\Command.php(211): Illuminate\\Container\\Container->call(Array)
#28 C:\\Users\\HP\\Downloads\\booking-service2\\booking-service\\vendor\\symfony\\console\\Command\\Command.php(326): Illuminate\\Console\\Command->execute(Object(Symfony\\Component\\Console\\Input\\ArgvInput), Object(Illuminate\\Console\\OutputStyle))
#29 C:\\Users\\HP\\Downloads\\booking-service2\\booking-service\\vendor\\illuminate\\console\\Command.php(180): Symfony\\Component\\Console\\Command\\Command->run(Object(Symfony\\Component\\Console\\Input\\ArgvInput), Object(Illuminate\\Console\\OutputStyle))
#30 C:\\Users\\HP\\Downloads\\booking-service2\\booking-service\\vendor\\symfony\\console\\Application.php(1078): Illuminate\\Console\\Command->run(Object(Symfony\\Component\\Console\\Input\\ArgvInput), Object(Symfony\\Component\\Console\\Output\\ConsoleOutput))
#31 C:\\Users\\HP\\Downloads\\booking-service2\\booking-service\\vendor\\symfony\\console\\Application.php(324): Symfony\\Component\\Console\\Application->doRunCommand(Object(Illuminate\\Database\\Console\\Migrations\\MigrateCommand), Object(Symfony\\Component\\Console\\Input\\ArgvInput), Object(Symfony\\Component\\Console\\Output\\ConsoleOutput))
#32 C:\\Users\\HP\\Downloads\\booking-service2\\booking-service\\vendor\\symfony\\console\\Application.php(175): Symfony\\Component\\Console\\Application->doRun(Object(Symfony\\Component\\Console\\Input\\ArgvInput), Object(Symfony\\Component\\Console\\Output\\ConsoleOutput))
#33 C:\\Users\\HP\\Downloads\\booking-service2\\booking-service\\vendor\\laravel\\lumen-framework\\src\\Console\\Kernel.php(160): Symfony\\Component\\Console\\Application->run(Object(Symfony\\Component\\Console\\Input\\ArgvInput), Object(Symfony\\Component\\Console\\Output\\ConsoleOutput))
#34 C:\\Users\\HP\\Downloads\\booking-service2\\booking-service\\artisan(35): Laravel\\Lumen\\Console\\Kernel->handle(Object(Symfony\\Component\\Console\\Input\\ArgvInput), Object(Symfony\\Component\\Console\\Output\\ConsoleOutput))
#35 {main}
"} 
[2025-06-09 15:26:01] local.ERROR: could not find driver (Connection: pgsql, SQL: select * from information_schema.tables where table_catalog = hotel_db and table_schema = public and table_name = migrations and table_type = 'BASE TABLE') {"exception":"[object] (Illuminate\\Database\\QueryException(code: 0): could not find driver (Connection: pgsql, SQL: select * from information_schema.tables where table_catalog = hotel_db and table_schema = public and table_name = migrations and table_type = 'BASE TABLE') at C:\\Users\\HP\\Downloads\\booking-service2\\booking-service\\vendor\\illuminate\\database\\Connection.php:829)
[stacktrace]
#0 C:\\Users\\HP\\Downloads\\booking-service2\\booking-service\\vendor\\illuminate\\database\\Connection.php(783): Illuminate\\Database\\Connection->runQueryCallback('select * from i...', Array, Object(Closure))
#1 C:\\Users\\HP\\Downloads\\booking-service2\\booking-service\\vendor\\illuminate\\database\\Connection.php(414): Illuminate\\Database\\Connection->run('select * from i...', Array, Object(Closure))
#2 C:\\Users\\HP\\Downloads\\booking-service2\\booking-service\\vendor\\illuminate\\database\\Connection.php(401): Illuminate\\Database\\Connection->select('select * from i...', Array, false)
#3 C:\\Users\\HP\\Downloads\\booking-service2\\booking-service\\vendor\\illuminate\\database\\Schema\\PostgresBuilder.php(51): Illuminate\\Database\\Connection->selectFromWriteConnection('select * from i...', Array)
#4 C:\\Users\\HP\\Downloads\\booking-service2\\booking-service\\vendor\\illuminate\\database\\Migrations\\DatabaseMigrationRepository.php(184): Illuminate\\Database\\Schema\\PostgresBuilder->hasTable('migrations')
#5 C:\\Users\\HP\\Downloads\\booking-service2\\booking-service\\vendor\\illuminate\\database\\Migrations\\Migrator.php(700): Illuminate\\Database\\Migrations\\DatabaseMigrationRepository->repositoryExists()
#6 C:\\Users\\HP\\Downloads\\booking-service2\\booking-service\\vendor\\illuminate\\database\\Console\\Migrations\\MigrateCommand.php(140): Illuminate\\Database\\Migrations\\Migrator->repositoryExists()
#7 C:\\Users\\HP\\Downloads\\booking-service2\\booking-service\\vendor\\illuminate\\support\\helpers.php(261): Illuminate\\Database\\Console\\Migrations\\MigrateCommand->Illuminate\\Database\\Console\\Migrations\\{closure}(1)
#8 C:\\Users\\HP\\Downloads\\booking-service2\\booking-service\\vendor\\illuminate\\database\\Console\\Migrations\\MigrateCommand.php(140): retry(1, Object(Closure), 0, Object(Closure))
#9 C:\\Users\\HP\\Downloads\\booking-service2\\booking-service\\vendor\\illuminate\\database\\Console\\Migrations\\MigrateCommand.php(116): Illuminate\\Database\\Console\\Migrations\\MigrateCommand->repositoryExists()
#10 C:\\Users\\HP\\Downloads\\booking-service2\\booking-service\\vendor\\illuminate\\database\\Console\\Migrations\\MigrateCommand.php(84): Illuminate\\Database\\Console\\Migrations\\MigrateCommand->prepareDatabase()
#11 C:\\Users\\HP\\Downloads\\booking-service2\\booking-service\\vendor\\illuminate\\database\\Migrations\\Migrator.php(633): Illuminate\\Database\\Console\\Migrations\\MigrateCommand->Illuminate\\Database\\Console\\Migrations\\{closure}()
#12 C:\\Users\\HP\\Downloads\\booking-service2\\booking-service\\vendor\\illuminate\\database\\Console\\Migrations\\MigrateCommand.php(83): Illuminate\\Database\\Migrations\\Migrator->usingConnection(NULL, Object(Closure))
#13 C:\\Users\\HP\\Downloads\\booking-service2\\booking-service\\vendor\\illuminate\\container\\BoundMethod.php(36): Illuminate\\Database\\Console\\Migrations\\MigrateCommand->handle()
#14 C:\\Users\\HP\\Downloads\\booking-service2\\booking-service\\vendor\\illuminate\\container\\Util.php(41): Illuminate\\Container\\BoundMethod::Illuminate\\Container\\{closure}()
#15 C:\\Users\\HP\\Downloads\\booking-service2\\booking-service\\vendor\\illuminate\\container\\BoundMethod.php(93): Illuminate\\Container\\Util::unwrapIfClosure(Object(Closure))
#16 C:\\Users\\HP\\Downloads\\booking-service2\\booking-service\\vendor\\illuminate\\container\\BoundMethod.php(35): Illuminate\\Container\\BoundMethod::callBoundMethod(Object(Laravel\\Lumen\\Application), Array, Object(Closure))
#17 C:\\Users\\HP\\Downloads\\booking-service2\\booking-service\\vendor\\illuminate\\container\\Container.php(662): Illuminate\\Container\\BoundMethod::call(Object(Laravel\\Lumen\\Application), Array, Array, NULL)
#18 C:\\Users\\HP\\Downloads\\booking-service2\\booking-service\\vendor\\illuminate\\console\\Command.php(211): Illuminate\\Container\\Container->call(Array)
#19 C:\\Users\\HP\\Downloads\\booking-service2\\booking-service\\vendor\\symfony\\console\\Command\\Command.php(326): Illuminate\\Console\\Command->execute(Object(Symfony\\Component\\Console\\Input\\ArgvInput), Object(Illuminate\\Console\\OutputStyle))
#20 C:\\Users\\HP\\Downloads\\booking-service2\\booking-service\\vendor\\illuminate\\console\\Command.php(180): Symfony\\Component\\Console\\Command\\Command->run(Object(Symfony\\Component\\Console\\Input\\ArgvInput), Object(Illuminate\\Console\\OutputStyle))
#21 C:\\Users\\HP\\Downloads\\booking-service2\\booking-service\\vendor\\symfony\\console\\Application.php(1078): Illuminate\\Console\\Command->run(Object(Symfony\\Component\\Console\\Input\\ArgvInput), Object(Symfony\\Component\\Console\\Output\\ConsoleOutput))
#22 C:\\Users\\HP\\Downloads\\booking-service2\\booking-service\\vendor\\symfony\\console\\Application.php(324): Symfony\\Component\\Console\\Application->doRunCommand(Object(Illuminate\\Database\\Console\\Migrations\\MigrateCommand), Object(Symfony\\Component\\Console\\Input\\ArgvInput), Object(Symfony\\Component\\Console\\Output\\ConsoleOutput))
#23 C:\\Users\\HP\\Downloads\\booking-service2\\booking-service\\vendor\\symfony\\console\\Application.php(175): Symfony\\Component\\Console\\Application->doRun(Object(Symfony\\Component\\Console\\Input\\ArgvInput), Object(Symfony\\Component\\Console\\Output\\ConsoleOutput))
#24 C:\\Users\\HP\\Downloads\\booking-service2\\booking-service\\vendor\\laravel\\lumen-framework\\src\\Console\\Kernel.php(160): Symfony\\Component\\Console\\Application->run(Object(Symfony\\Component\\Console\\Input\\ArgvInput), Object(Symfony\\Component\\Console\\Output\\ConsoleOutput))
#25 C:\\Users\\HP\\Downloads\\booking-service2\\booking-service\\artisan(35): Laravel\\Lumen\\Console\\Kernel->handle(Object(Symfony\\Component\\Console\\Input\\ArgvInput), Object(Symfony\\Component\\Console\\Output\\ConsoleOutput))
#26 {main}

[previous exception] [object] (PDOException(code: 0): could not find driver at C:\\Users\\HP\\Downloads\\booking-service2\\booking-service\\vendor\\illuminate\\database\\Connectors\\Connector.php:65)
[stacktrace]
#0 C:\\Users\\HP\\Downloads\\booking-service2\\booking-service\\vendor\\illuminate\\database\\Connectors\\Connector.php(65): PDO->__construct('pgsql:host=db;d...', 'hotel_user', Object(SensitiveParameterValue), Array)
#1 C:\\Users\\HP\\Downloads\\booking-service2\\booking-service\\vendor\\illuminate\\database\\Connectors\\Connector.php(44): Illuminate\\Database\\Connectors\\Connector->createPdoConnection('pgsql:host=db;d...', 'hotel_user', 'secret', Array)
#2 C:\\Users\\HP\\Downloads\\booking-service2\\booking-service\\vendor\\illuminate\\database\\Connectors\\PostgresConnector.php(35): Illuminate\\Database\\Connectors\\Connector->createConnection('pgsql:host=db;d...', Array, Array)
#3 C:\\Users\\HP\\Downloads\\booking-service2\\booking-service\\vendor\\illuminate\\database\\Connectors\\ConnectionFactory.php(184): Illuminate\\Database\\Connectors\\PostgresConnector->connect(Array)
#4 [internal function]: Illuminate\\Database\\Connectors\\ConnectionFactory->Illuminate\\Database\\Connectors\\{closure}()
#5 C:\\Users\\HP\\Downloads\\booking-service2\\booking-service\\vendor\\illuminate\\database\\Connection.php(1339): call_user_func(Object(Closure))
#6 C:\\Users\\HP\\Downloads\\booking-service2\\booking-service\\vendor\\illuminate\\database\\Connection.php(528): Illuminate\\Database\\Connection->getPdo()
#7 C:\\Users\\HP\\Downloads\\booking-service2\\booking-service\\vendor\\illuminate\\database\\Connection.php(423): Illuminate\\Database\\Connection->getPdoForSelect(false)
#8 C:\\Users\\HP\\Downloads\\booking-service2\\booking-service\\vendor\\illuminate\\database\\Connection.php(816): Illuminate\\Database\\Connection->Illuminate\\Database\\{closure}('select * from i...', Array)
#9 C:\\Users\\HP\\Downloads\\booking-service2\\booking-service\\vendor\\illuminate\\database\\Connection.php(783): Illuminate\\Database\\Connection->runQueryCallback('select * from i...', Array, Object(Closure))
#10 C:\\Users\\HP\\Downloads\\booking-service2\\booking-service\\vendor\\illuminate\\database\\Connection.php(414): Illuminate\\Database\\Connection->run('select * from i...', Array, Object(Closure))
#11 C:\\Users\\HP\\Downloads\\booking-service2\\booking-service\\vendor\\illuminate\\database\\Connection.php(401): Illuminate\\Database\\Connection->select('select * from i...', Array, false)
#12 C:\\Users\\HP\\Downloads\\booking-service2\\booking-service\\vendor\\illuminate\\database\\Schema\\PostgresBuilder.php(51): Illuminate\\Database\\Connection->selectFromWriteConnection('select * from i...', Array)
#13 C:\\Users\\HP\\Downloads\\booking-service2\\booking-service\\vendor\\illuminate\\database\\Migrations\\DatabaseMigrationRepository.php(184): Illuminate\\Database\\Schema\\PostgresBuilder->hasTable('migrations')
#14 C:\\Users\\HP\\Downloads\\booking-service2\\booking-service\\vendor\\illuminate\\database\\Migrations\\Migrator.php(700): Illuminate\\Database\\Migrations\\DatabaseMigrationRepository->repositoryExists()
#15 C:\\Users\\HP\\Downloads\\booking-service2\\booking-service\\vendor\\illuminate\\database\\Console\\Migrations\\MigrateCommand.php(140): Illuminate\\Database\\Migrations\\Migrator->repositoryExists()
#16 C:\\Users\\HP\\Downloads\\booking-service2\\booking-service\\vendor\\illuminate\\support\\helpers.php(261): Illuminate\\Database\\Console\\Migrations\\MigrateCommand->Illuminate\\Database\\Console\\Migrations\\{closure}(1)
#17 C:\\Users\\HP\\Downloads\\booking-service2\\booking-service\\vendor\\illuminate\\database\\Console\\Migrations\\MigrateCommand.php(140): retry(1, Object(Closure), 0, Object(Closure))
#18 C:\\Users\\HP\\Downloads\\booking-service2\\booking-service\\vendor\\illuminate\\database\\Console\\Migrations\\MigrateCommand.php(116): Illuminate\\Database\\Console\\Migrations\\MigrateCommand->repositoryExists()
#19 C:\\Users\\HP\\Downloads\\booking-service2\\booking-service\\vendor\\illuminate\\database\\Console\\Migrations\\MigrateCommand.php(84): Illuminate\\Database\\Console\\Migrations\\MigrateCommand->prepareDatabase()
#20 C:\\Users\\HP\\Downloads\\booking-service2\\booking-service\\vendor\\illuminate\\database\\Migrations\\Migrator.php(633): Illuminate\\Database\\Console\\Migrations\\MigrateCommand->Illuminate\\Database\\Console\\Migrations\\{closure}()
#21 C:\\Users\\HP\\Downloads\\booking-service2\\booking-service\\vendor\\illuminate\\database\\Console\\Migrations\\MigrateCommand.php(83): Illuminate\\Database\\Migrations\\Migrator->usingConnection(NULL, Object(Closure))
#22 C:\\Users\\HP\\Downloads\\booking-service2\\booking-service\\vendor\\illuminate\\container\\BoundMethod.php(36): Illuminate\\Database\\Console\\Migrations\\MigrateCommand->handle()
#23 C:\\Users\\HP\\Downloads\\booking-service2\\booking-service\\vendor\\illuminate\\container\\Util.php(41): Illuminate\\Container\\BoundMethod::Illuminate\\Container\\{closure}()
#24 C:\\Users\\HP\\Downloads\\booking-service2\\booking-service\\vendor\\illuminate\\container\\BoundMethod.php(93): Illuminate\\Container\\Util::unwrapIfClosure(Object(Closure))
#25 C:\\Users\\HP\\Downloads\\booking-service2\\booking-service\\vendor\\illuminate\\container\\BoundMethod.php(35): Illuminate\\Container\\BoundMethod::callBoundMethod(Object(Laravel\\Lumen\\Application), Array, Object(Closure))
#26 C:\\Users\\HP\\Downloads\\booking-service2\\booking-service\\vendor\\illuminate\\container\\Container.php(662): Illuminate\\Container\\BoundMethod::call(Object(Laravel\\Lumen\\Application), Array, Array, NULL)
#27 C:\\Users\\HP\\Downloads\\booking-service2\\booking-service\\vendor\\illuminate\\console\\Command.php(211): Illuminate\\Container\\Container->call(Array)
#28 C:\\Users\\HP\\Downloads\\booking-service2\\booking-service\\vendor\\symfony\\console\\Command\\Command.php(326): Illuminate\\Console\\Command->execute(Object(Symfony\\Component\\Console\\Input\\ArgvInput), Object(Illuminate\\Console\\OutputStyle))
#29 C:\\Users\\HP\\Downloads\\booking-service2\\booking-service\\vendor\\illuminate\\console\\Command.php(180): Symfony\\Component\\Console\\Command\\Command->run(Object(Symfony\\Component\\Console\\Input\\ArgvInput), Object(Illuminate\\Console\\OutputStyle))
#30 C:\\Users\\HP\\Downloads\\booking-service2\\booking-service\\vendor\\symfony\\console\\Application.php(1078): Illuminate\\Console\\Command->run(Object(Symfony\\Component\\Console\\Input\\ArgvInput), Object(Symfony\\Component\\Console\\Output\\ConsoleOutput))
#31 C:\\Users\\HP\\Downloads\\booking-service2\\booking-service\\vendor\\symfony\\console\\Application.php(324): Symfony\\Component\\Console\\Application->doRunCommand(Object(Illuminate\\Database\\Console\\Migrations\\MigrateCommand), Object(Symfony\\Component\\Console\\Input\\ArgvInput), Object(Symfony\\Component\\Console\\Output\\ConsoleOutput))
#32 C:\\Users\\HP\\Downloads\\booking-service2\\booking-service\\vendor\\symfony\\console\\Application.php(175): Symfony\\Component\\Console\\Application->doRun(Object(Symfony\\Component\\Console\\Input\\ArgvInput), Object(Symfony\\Component\\Console\\Output\\ConsoleOutput))
#33 C:\\Users\\HP\\Downloads\\booking-service2\\booking-service\\vendor\\laravel\\lumen-framework\\src\\Console\\Kernel.php(160): Symfony\\Component\\Console\\Application->run(Object(Symfony\\Component\\Console\\Input\\ArgvInput), Object(Symfony\\Component\\Console\\Output\\ConsoleOutput))
#34 C:\\Users\\HP\\Downloads\\booking-service2\\booking-service\\artisan(35): Laravel\\Lumen\\Console\\Kernel->handle(Object(Symfony\\Component\\Console\\Input\\ArgvInput), Object(Symfony\\Component\\Console\\Output\\ConsoleOutput))
#35 {main}
"} 
